1/72 static_adaptive_privic_0_thin_0.25: n=80 elapsed=1.4s
2/72 static_adaptive_privic_0_thin_0.5: n=80 elapsed=2.6s
3/72 static_adaptive_privic_0_thin_0.75: n=80 elapsed=3.8s
4/72 static_adaptive_privic_0.1_thin_0.25: n=80 elapsed=5.2s
5/72 static_adaptive_privic_0.1_thin_0.5: n=80 elapsed=6.6s
6/72 static_adaptive_privic_0.1_thin_0.75: n=80 elapsed=8.0s
7/72 static_adaptive_privic_0.3_thin_0.25: n=80 elapsed=9.6s
8/72 static_adaptive_privic_0.3_thin_0.5: n=80 elapsed=11.2s
9/72 static_adaptive_privic_0.3_thin_0.75: n=80 elapsed=12.7s
10/72 static_adaptive_privic_1_thin_0.25: n=80 elapsed=14.5s
11/72 static_adaptive_privic_1_thin_0.5: n=80 elapsed=16.2s
12/72 static_adaptive_privic_1_thin_0.75: n=80 elapsed=17.9s
13/72 static_adaptive_privic_3_thin_0.25: n=80 elapsed=19.7s
14/72 static_adaptive_privic_3_thin_0.5: n=80 elapsed=21.4s
15/72 static_adaptive_privic_3_thin_0.75: n=80 elapsed=23.1s
16/72 static_adaptive_privic_10_thin_0.25: n=80 elapsed=24.7s
17/72 static_adaptive_privic_10_thin_0.5: n=80 elapsed=26.3s
18/72 static_adaptive_privic_10_thin_0.75: n=80 elapsed=27.8s
19/72 walk_adaptive_privic_0_thin_0.25: n=80 elapsed=29.5s
20/72 walk_adaptive_privic_0_thin_0.5: n=80 elapsed=31.3s
21/72 walk_adaptive_privic_0_thin_0.75: n=80 elapsed=33.0s
22/72 walk_adaptive_privic_0.1_thin_0.25: n=80 elapsed=34.9s
23/72 walk_adaptive_privic_0.1_thin_0.5: n=80 elapsed=36.7s
24/72 walk_adaptive_privic_0.1_thin_0.75: n=80 elapsed=38.5s
25/72 walk_adaptive_privic_0.3_thin_0.25: n=80 elapsed=40.3s
26/72 walk_adaptive_privic_0.3_thin_0.5: n=80 elapsed=42.1s
27/72 walk_adaptive_privic_0.3_thin_0.75: n=80 elapsed=43.9s
28/72 walk_adaptive_privic_1_thin_0.25: n=80 elapsed=45.9s
29/72 walk_adaptive_privic_1_thin_0.5: n=80 elapsed=48.0s
30/72 walk_adaptive_privic_1_thin_0.75: n=80 elapsed=50.0s
31/72 walk_adaptive_privic_3_thin_0.25: n=80 elapsed=52.0s
32/72 walk_adaptive_privic_3_thin_0.5: n=80 elapsed=54.0s
33/72 walk_adaptive_privic_3_thin_0.75: n=80 elapsed=56.0s
34/72 walk_adaptive_privic_10_thin_0.25: n=80 elapsed=57.9s
35/72 walk_adaptive_privic_10_thin_0.5: n=80 elapsed=59.7s
36/72 walk_adaptive_privic_10_thin_0.75: n=80 elapsed=61.6s
37/72 commute_adaptive_privic_0_thin_0.25: n=80 elapsed=63.4s
38/72 commute_adaptive_privic_0_thin_0.5: n=80 elapsed=65.2s
39/72 commute_adaptive_privic_0_thin_0.75: n=80 elapsed=67.0s
40/72 commute_adaptive_privic_0.1_thin_0.25: n=80 elapsed=68.9s
41/72 commute_adaptive_privic_0.1_thin_0.5: n=80 elapsed=70.8s
42/72 commute_adaptive_privic_0.1_thin_0.75: n=80 elapsed=72.7s
43/72 commute_adaptive_privic_0.3_thin_0.25: n=80 elapsed=74.7s
44/72 commute_adaptive_privic_0.3_thin_0.5: n=80 elapsed=76.6s
45/72 commute_adaptive_privic_0.3_thin_0.75: n=80 elapsed=78.4s
46/72 commute_adaptive_privic_1_thin_0.25: n=80 elapsed=80.6s
47/72 commute_adaptive_privic_1_thin_0.5: n=80 elapsed=82.7s
48/72 commute_adaptive_privic_1_thin_0.75: n=80 elapsed=84.9s
49/72 commute_adaptive_privic_3_thin_0.25: n=80 elapsed=87.2s
50/72 commute_adaptive_privic_3_thin_0.5: n=80 elapsed=89.7s
51/72 commute_adaptive_privic_3_thin_0.75: n=80 elapsed=92.0s
52/72 commute_adaptive_privic_10_thin_0.25: n=80 elapsed=94.1s
53/72 commute_adaptive_privic_10_thin_0.5: n=80 elapsed=96.3s
54/72 commute_adaptive_privic_10_thin_0.75: n=80 elapsed=98.5s
55/72 geolife_adaptive_privic_0_thin_0.25: n=67 elapsed=100.1s
56/72 geolife_adaptive_privic_0_thin_0.5: n=67 elapsed=101.9s
57/72 geolife_adaptive_privic_0_thin_0.75: n=67 elapsed=103.4s
58/72 geolife_adaptive_privic_0.1_thin_0.25: n=67 elapsed=105.4s
59/72 geolife_adaptive_privic_0.1_thin_0.5: n=67 elapsed=107.0s
60/72 geolife_adaptive_privic_0.1_thin_0.75: n=67 elapsed=108.6s
61/72 geolife_adaptive_privic_0.3_thin_0.25: n=67 elapsed=110.3s
62/72 geolife_adaptive_privic_0.3_thin_0.5: n=67 elapsed=111.9s
63/72 geolife_adaptive_privic_0.3_thin_0.75: n=67 elapsed=113.5s
64/72 geolife_adaptive_privic_1_thin_0.25: n=67 elapsed=115.3s
65/72 geolife_adaptive_privic_1_thin_0.5: n=67 elapsed=117.0s
66/72 geolife_adaptive_privic_1_thin_0.75: n=67 elapsed=118.7s
67/72 geolife_adaptive_privic_3_thin_0.25: n=67 elapsed=120.5s
68/72 geolife_adaptive_privic_3_thin_0.5: n=67 elapsed=122.2s
69/72 geolife_adaptive_privic_3_thin_0.75: n=67 elapsed=124.0s
70/72 geolife_adaptive_privic_10_thin_0.25: n=67 elapsed=125.8s
71/72 geolife_adaptive_privic_10_thin_0.5: n=67 elapsed=127.5s
72/72 geolife_adaptive_privic_10_thin_0.75: n=67 elapsed=129.3s
