1/60 static_adaptive_pml_0.025: n=80 elapsed=1.0s
2/60 static_adaptive_pml_0.05: n=80 elapsed=1.9s
3/60 static_adaptive_pml_0.1: n=80 elapsed=2.8s
4/60 static_adaptive_pml_0.25: n=80 elapsed=3.7s
5/60 static_adaptive_pml_0.5: n=80 elapsed=4.7s
6/60 static_adaptive_pml_1: n=80 elapsed=5.6s
7/60 static_adaptive_pml_2: n=80 elapsed=6.6s
8/60 static_adaptive_pml_4: n=80 elapsed=7.6s
9/60 static_adaptive_pml_8: n=80 elapsed=8.6s
10/60 static_adaptive_privic_0: n=80 elapsed=9.8s
11/60 static_adaptive_privic_0.1: n=80 elapsed=11.1s
12/60 static_adaptive_privic_0.3: n=80 elapsed=12.6s
13/60 static_adaptive_privic_1: n=80 elapsed=14.2s
14/60 static_adaptive_privic_3: n=80 elapsed=15.7s
15/60 static_adaptive_privic_10: n=80 elapsed=17.2s
16/60 walk_adaptive_pml_0.025: n=80 elapsed=18.1s
17/60 walk_adaptive_pml_0.05: n=80 elapsed=19.0s
18/60 walk_adaptive_pml_0.1: n=80 elapsed=19.9s
19/60 walk_adaptive_pml_0.25: n=80 elapsed=21.3s
20/60 walk_adaptive_pml_0.5: n=80 elapsed=22.7s
21/60 walk_adaptive_pml_1: n=80 elapsed=24.1s
22/60 walk_adaptive_pml_2: n=80 elapsed=25.5s
23/60 walk_adaptive_pml_4: n=80 elapsed=26.9s
24/60 walk_adaptive_pml_8: n=80 elapsed=28.3s
25/60 walk_adaptive_privic_0: n=80 elapsed=30.0s
26/60 walk_adaptive_privic_0.1: n=80 elapsed=31.8s
27/60 walk_adaptive_privic_0.3: n=80 elapsed=33.5s
28/60 walk_adaptive_privic_1: n=80 elapsed=35.5s
29/60 walk_adaptive_privic_3: n=80 elapsed=37.6s
30/60 walk_adaptive_privic_10: n=80 elapsed=39.5s
31/60 commute_adaptive_pml_0.025: n=80 elapsed=40.5s
32/60 commute_adaptive_pml_0.05: n=80 elapsed=41.5s
33/60 commute_adaptive_pml_0.1: n=80 elapsed=42.4s
34/60 commute_adaptive_pml_0.25: n=80 elapsed=43.7s
35/60 commute_adaptive_pml_0.5: n=80 elapsed=45.1s
36/60 commute_adaptive_pml_1: n=80 elapsed=46.5s
37/60 commute_adaptive_pml_2: n=80 elapsed=48.0s
38/60 commute_adaptive_pml_4: n=80 elapsed=49.4s
39/60 commute_adaptive_pml_8: n=80 elapsed=50.8s
40/60 commute_adaptive_privic_0: n=80 elapsed=52.6s
41/60 commute_adaptive_privic_0.1: n=80 elapsed=54.3s
42/60 commute_adaptive_privic_0.3: n=80 elapsed=56.0s
43/60 commute_adaptive_privic_1: n=80 elapsed=58.0s
44/60 commute_adaptive_privic_3: n=80 elapsed=60.0s
45/60 commute_adaptive_privic_10: n=80 elapsed=61.9s
46/60 geolife_adaptive_pml_0.025: n=67 elapsed=62.7s
47/60 geolife_adaptive_pml_0.05: n=67 elapsed=63.5s
48/60 geolife_adaptive_pml_0.1: n=67 elapsed=64.4s
49/60 geolife_adaptive_pml_0.25: n=67 elapsed=65.5s
50/60 geolife_adaptive_pml_0.5: n=67 elapsed=66.7s
51/60 geolife_adaptive_pml_1: n=67 elapsed=67.9s
52/60 geolife_adaptive_pml_2: n=67 elapsed=69.1s
53/60 geolife_adaptive_pml_4: n=67 elapsed=70.2s
54/60 geolife_adaptive_pml_8: n=67 elapsed=71.5s
55/60 geolife_adaptive_privic_0: n=67 elapsed=72.9s
56/60 geolife_adaptive_privic_0.1: n=67 elapsed=74.4s
57/60 geolife_adaptive_privic_0.3: n=67 elapsed=75.8s
58/60 geolife_adaptive_privic_1: n=67 elapsed=77.4s
59/60 geolife_adaptive_privic_3: n=67 elapsed=78.9s
60/60 geolife_adaptive_privic_10: n=67 elapsed=80.5s
